// Jest Snapshot v1, https://goo.gl/fbAQLP

exports[`NavBar Component should matches snapshot 1`] = `
<div>
  <nav
    class="flex sm:bg-white-100 sm:w-full"
  >
    <ul
      class="flex md:flex-row md:p-0 gap-10 sm:flex-col sm:p-10"
    >
      <li>
        <a
          class="active font-bold flex flex-col items-center text-sm"
          href="/home"
          style="color: blue;"
        >
          <p>
            Home
          </p>
          <svg
            fill="none"
            height="4"
            viewBox="0 0 4 4"
            width="4"
            xmlns="http://www.w3.org/2000/svg"
          >
            <circle
              cx="2"
              cy="2"
              fill="#5463FF"
              r="2"
            />
          </svg>
        </a>
      </li>
      <li>
        <a
          class=" text-sm"
          href="/shop"
          style="color: black;"
        >
          <p>
            Shop
          </p>
        </a>
      </li>
      <li>
        <a
          class=" text-sm"
          href="/about-us"
          style="color: black;"
        >
          <p>
            About
          </p>
        </a>
      </li>
      <li>
        <a
          class=" text-sm"
          href="/contact"
          style="color: black;"
        >
          <p>
            Contact
          </p>
        </a>
      </li>
    </ul>
  </nav>
</div>
`;
